// Jest Snapshot v1, https://goo.gl/fbAQLP

exports[`renders correctly 1`] = `
<button
  className="logo-button"
  onClick={[Function]}
  type="button"
/>
`;
